[19-Feb-2025 08:28:26 Europe/Berlin] Received data: Array
(
    [userId] => U003
    [quizId] => Q010
    [recordId] => R003
    [correctAnswersCount] => 4
    [totalQuestions] => 5
    [timeTaken] => 11.0
    [userAnswers] => Array
        (
            [0] => Array
                (
                    [questionId] => T046
                    [userAnswer] => Animals
                    [isCorrect] => 1
                )

            [1] => Array
                (
                    [questionId] => T047
                    [userAnswer] => Maps
                    [isCorrect] => 1
                )

            [2] => Array
                (
                    [questionId] => T048
                    [userAnswer] => Sugar
                    [isCorrect] => 1
                )

            [3] => Array
                (
                    [questionId] => T049
                    [userAnswer] => Boys Like Me
                    [isCorrect] => 
                )

            [4] => Array
                (
                    [questionId] => T050
                    [userAnswer] => One More Night
                    [isCorrect] => 1
                )

        )

    [startTime] => 2025-02-19T07:28:15.106Z
)

[19-Feb-2025 08:28:45 Europe/Berlin] Received data: Array
(
    [userId] => U003
    [quizId] => Q006
    [recordId] => R004
    [correctAnswersCount] => 5
    [totalQuestions] => 5
    [timeTaken] => 9.0
    [userAnswers] => Array
        (
            [0] => Array
                (
                    [questionId] => T026
                    [userAnswer] => Silhouette
                    [isCorrect] => 1
                )

            [1] => Array
                (
                    [questionId] => T027
                    [userAnswer] => Flamingo
                    [isCorrect] => 1
                )

            [2] => Array
                (
                    [questionId] => T028
                    [userAnswer] => Homura
                    [isCorrect] => 1
                )

            [3] => Array
                (
                    [questionId] => T029
                    [userAnswer] => Kaikaikitan
                    [isCorrect] => 1
                )

            [4] => Array
                (
                    [questionId] => T030
                    [userAnswer] => Gunjou
                    [isCorrect] => 1
                )

        )

    [startTime] => 2025-02-19T07:28:36.661Z
)

